aa
abbreviates
abidingly
abolitionism
abridgments
absorbancy
abundances
acceder
accidently
accountable
accustomed
acetyls
acidulous
acquitters
actinian
aculeus
additively
adhesive
admass
adonis
adulating
adverbially
aedile
aeromedicine
affectionless
affray
against
agglomerations
agitated
agraphic
aikido
airlessness
aivers
albizia
alehouses
alias
aliyos
allegorically
allocation
alloying
aloins
alternative
amalgamate
ambidexterity
amebiases
amido
amnesties
amphibiousness
amtracks
anaemia
analytic
anatomy
androgens
aneurisms
angriness
animistic
annihilated
anolytes
antecede
anthologist
antiarrhythmic
anticline
antientropic
antihumanitarians
antimonopoly
antipoles
antiritualisms
antitechnology
anvilling
aphanite
apnoeic
apophyseal
apparentnesses
applauses
apprehensible
apsis
arabinosides
arbutes
archers
areaway
argyll
armilla
arpens
arsenal
articulately
ascend
ashinesses
asphyxia
assembly
assisted
asterisk
astronautic
ateliers
atonalist
attempting
attributives
auditoria
auroral
authorizers
autoimmune
autos
avenged
avocation
awestruck
axone
baba
backache
backlashed
backstroke
badge
bailees
baldish
balloonings
bandaid
bank
baptist
barding
barm
barrator
baseballs
basks
bathetic
battlewagon
beachboy
beard
bebops
becurse
bedizen
bedwards
beflagged
beglamoring
behoving
believable
belter
bendays
bentonite
berets
beshivers
bestiality
betokening
bewitch
bibbers
bicolors
bifold
bilabials
billow
binnacles
biogenic
biopsy
bipartitions
birled
bitch
bizone
blackout
blanquettes
blaxploitations
blessedest
blithesome
bloodsheds
blowhards
bluely
blurter
bobbers
boehmites
boleros
bombesins
bonitos
bookishly
bootee
boreens
bossy
botulinus
bourgeoisifications
bowlegs
brabble
braidings
branchy
bravas
breadsticks
bred
brickfields
brill
brits
broil
bronchus
browner
brushland
buccal
budget
build
bullheaded
bumpily
buntings
burglariously
burping
bushmaster
butcheries
butut
byssinosis
cabomba
cadaverous
cagefuls
calamity
calenderers
calliope
calumniously
camions
campylotropous
candleholder
cannibalise
cant
canzona
capitularies
captaining
carangids
carboxylase
cardinalities
carets
carnie
carping
cartelised
cascaras
casseroles
catachrestically
catbird
catered
catnips
causewayed
cavitates
celebrator
cementites
centime
cephalins
cerium
cetes
chalazia
champ
channelers
characins
charlotte
chatchkas
cheapness
cheerier
chemoautotrophy
chetahs
chickweeds
chilidog
chinless
chirrups
chloric
chokers
choppiness
chouse
chromiums
chrysanthemums
chumships
ciboules
cinematize
circularly
circuses
citriculturist
cladogenesis
clangouring
classicizing
claybanks
clench
climatically
clitorectomies
clonisms
cloudlets
clumsiness
coagulations
coastguardsmen
cobwebs
cockeyedly
cocreates
codirect
coenzyme
coffrets
coherency
coinsurance
coleslaws
collect
collins
colonials
colotomies
combe
comicality
commercialised
common
commutable
compartmentation
complacencies
compliers
compressor
concanavalin
conceptualizations
concludes
condensations
condyloid
confidants
conformances
conglobate
coniine
connectivity
consecution
consistorial
constipating
consultations
contemning
continently
contradictorily
controllership
conventuals
conviviality
cooled
copartnership
coprisoners
coquette
cordwainery
corneous
coronations
correlatively
corsetieres
cosiest
costers
cottonmouth
counted
countercurrently
countermobilization
counterretaliations
counterworld
courtly
coverups
cowpoxes
crabgrass
cramp
crashingly
creaking
creditworthy
crepes
cribworks
cripples
crocine
crossbones
crousely
cruelnesses
crushes
cryptococcoses
cubic
cuittled
cultures
cupelled
curches
currency
curved
custos
cutworks
cyclic
cylindrical
cystoscopic
czarist
dagoba
dalliers
danced
daredevil
dashpots
davening
deacidified
dealates
debater
decadently
decasyllabics
dechlorinating
declaratively
decomposers
decoyers
dedifferentiations
defame
defer
deflagrations
defrayable
degranulation
deifying
delectability
delineator
delves
demigod
demolishers
demurenesses
deniably
denticulated
deoxygenations
deplorableness
depraver
deracinates
dermatitises
descrambler
desiderates
despairs
destitution
detector
deticker
deuteric
devilry
dewberry
dhuti
dialectical
diapered
diazepams
dickens
dido
differentiation
digitally
dilatometers
diminish
dinitrophenol
diphosphate
diptera
disable
disapprovals
disbursed
discography
discorded
discuses
disenthralls
disharmonize
disingenuous
dislocated
disorienting
displaces
disputatiously
dissave
dissimilarly
distastefulness
distraite
dites
diversities
divulging
doctorate
dogcatcher
dogsledder
doltishly
doneness
doorplates
dorsiventrality
doubloon
dow
downsized
drably
dramatically
drawnwork
drenchers
drive
dropper
drugging
dual
dudish
duly
dunitic
durations
duvetyn
dynastic
eagernesses
earthly
eavesdrops
echiuroids
ecophysiology
edema
educible
efficacities
eggnogs
einkorn
elaterite
electrocute
electrooculographies
elegize
elliptic
eluvia
embarrassments
embolizations
embruting
eminence
emperorships
ems
encampments
enclave
end
endoderms
endospores
enfaced
engirdled
enjoy
enosises
enshrinees
entangling
enthusing
entrechat
enviableness
epacts
epicontinental
epigraph
epistases
epochal
equilibrations
erasable
erlkings
eructations
escaping
espiegle
esthetic
etcher
ethnic
etui
eulogias
euripus
evangelicals
everybody
evulsions
exasperatingly
excitability
excretes
exemplification
exhilarate
exogamous
expansible
expending
explicator
expressage
exsiccations
extermining
extractor
extremists
eyecup
fabrics
factored
fags
falchion
familiarising
fanned
farcicalities
farthest
fatalism
fatwood
fayalites
febrifuge
feelingnesses
fellowman
fend
ferocity
fervently
fets
fiasco
ficin
fieldfares
filar
filmily
finback
finmark
firepans
fisherman
fitness
flagellantism
flameproofing
flashing
flauntiest
fledging
flexography
flippest
flooders
florists
flubbing
fluoresce
flutey
foamflower
foils
followed
footboy
foozles
fords
foregut
foreseeable
foretop
forkfuls
formularies
fortuitous
foundations
foxtrot
fraises
fratricides
freeloader
frequentest
friendlies
fritted
frontages
frowsy
fubsiest
fulfillment
fumigating
funkinesses
furnishing
fussiness
gabbards
gagged
galeas
gallivanting
gambirs
gams
gape
garments
gasifications
gastroscopes
gauntness
gazing
gelding
generalissimos
genomic
geochemists
geopolitically
germinations
geyserites
gibbet
gigs
gingers
girts
glaired
glassware
glias
globalizing
glosseme
gluers
glycolysis
go
godhead
goldfinch
gonococcus
goosenecked
gossiping
gowns
graduator
grander
grants
graspable
graveyards
greatening
greenockites
gridlocking
grins
groggier
groundfishes
growthier
grumping
guardroom
guile
gulpiest
gunpapers
gutbucket
gynandrous
gyved
hackman
hagfishes
hairlike
halfpenny
haloids
hamper
handing
handypersons
haplontic
hardhacks
harm
harshens
hatchelled
hautbois
hayrack
headlined
hear
heathery
hectoring
hegumeny
heliotropisms
helpful
hemin
hempie
heptachlor
heretic
herpesviruses
heterogeneity
hexachloroethanes
hiccuped
highchair
hillside
hipsterism
histopathologist
hoarsens
hogback
holed
holohedral
homeports
homogenising
homothallism
honorarily
hoop
hording
horsebacks
hospices
hotnesses
housemaster
hoydens
hulloing
humility
hunt
husks
hydrated
hydrolytically
hydroxide
hymnology
hypercritic
hypermasculine
hypersensitivenesses
hypnopompic
hypomorph
hypotonicity
ichthyic
idealizing
idlesse
ignorami
illite
imaginable
imbrication
immensurable
immortalizations
immunomodulators
imparks
impendent
impertinence
implicitness
impotencies
imprimis
impurenesses
inappreciative
incandescences
inchoate
includible
inconclusivenesses
incorporeities
inculpable
indefatigably
indevout
indigotins
indivisible
indulges
inelasticities
inexpertly
infectious
infirmary
infold
ingathered
inhabits
inions
inkwood
innumerous
insane
inseparableness
insolences
instalments
instructive
insurgents
intelligentsia
interbed
intercoms
interelectron
interinvolve
interlopers
internalized
interplanting
interrupt
intertillages
intima
intractably
intrinsic
intuitionists
invariants
inviability
involutional
ionizes
ironer
irreformability
irreversible
isobars
isoleads
isotypes
itinerary
jacking
jailhouse
jargonish
jaygee
jemmying
jetsoms
jilters
jobber
joisted
jounciest
jubilantly
juicing
junta
juvenilia
kaleidoscope
karaokes
kayakings
keets
keratoconjunctivitis
kevels
kiaughs
kidnapping
kilter
kingcraft
kismat
kloofs
knifers
knowledgeabilities
konking
krills
kwashiorkors
laboriously
lacquer
ladrone
lakefront
lamented
lancinating
langoustines
lapidary
lark
lasting
latifundia
launderette
lawings
lazying
leal
lebens
leg
legitimate
lemongrass
lepidopterists
lettering
leveling
lexicons
libertarianism
lick
liftable
lignites
limby
limpsey
lingerers
lioness
liquidambar
literalization
litigation
livestocks
lobation
location
lodestones
lognormally
longbowman
looming
lordoses
louies
lovingness
lubricators
lukewarmly
lunatic
luridness
luteum
lymphoid
lysogenizing
machismo
macula
mafficking
magnetofluiddynamics
maiden
maist
malapert
maligner
mamas
manat
mangey
manipulation
manteaux
marabout
marginalizes
markkas
mars
mascaras
masseuses
masurium
matin
matzot
maxwell
mealtimes
mechanizable
medicares
megabar
megilps
melismata
membrane
mending
mentors
merdes
mescaline
mesosome
metafictional
metaphorically
meth
methyls
mezes
microbiologies
microencapsulation
micrometeorites
micropublishing
microwaveable
midships
mikveh
milking
millimole
mimicked
mingling
ministrant
mired
misanthropic
misbinding
misclassify
misdescribe
miserere
misgrowing
mislabor
misogynist
misprision
misseat
missteers
mistranslation
mitigation
mobilised
modernizer
moisten
mollusk
monastic
monisms
monodic
monometallists
monosynaptically
mooched
moorings
mordant
morris
mosquitoes
motiveless
mouflons
moustachio
muchnesses
mudflat
mulberries
multicopy
multinomials
multitaskings
mungoose
murmurously
musicalization
mutable
mutule
myelofibrotic
myrmidon
myxomata
nakedest
nappe
narwal
nativity
navels
nebulizers
needfulness
negotiations
neolith
nephrology
netiquettes
neurofibrils
neurosurgeons
newsboy
nice
niftiest
nilgai
nitchie
nizamates
noggs
nonabsorbents
nonaspirins
noncardiac
noncompetitors
noncontrollable
nondestructively
nonempty
nonfigurative
nonidentities
nonjury
nonmonetarists
nonpasserine
nonpublic
nonroutines
nonstick
nonurgent
nope
nosebleeds
notes
novelly
nucleophilic
numbfish
nurture
nymphet
obelises
obligati
obsequiously
obtainer
occulted
octahedrally
odeons
offbeats
offsides
oink
oligochaetes
ommatidium
onionskin
oomiacks
opennesses
opinion
opt
orang
ordainments
organogenetic
orinasals
orrices
oscillational
ossuaries
ostracods
ourebi
outboard
outclimb
outdoorsmanships
outfire
outgroup
outlasts
outpasses
outpushed
outrowed
outskirt
outstretched
outvie
outyelling
overanalyze
overborrow
overcold
overcrowding
overdrives
overexert
overfree
overhold
overkills
overmasters
overpedalling
overproof
oversauces
oversoaks
overstuffed
overtrading
overwinter
owners
oxygenators
pacesetting
paddings
pager
palabra
paleomagnetists
pallid
paltrinesses
pandore
panochas
papas
papyrus
parajournalisms
paranoiac
parasympathetics
parenterally
parlance
parroter
particulars
pasquinaded
pastern
patchiest
patinas
pattering
pawls
peachier
pec
pedantic
peduncles
pekes
penal
peninsular
pent
peonies
perambulations
peregrinated
perfunctorily
periodically
perjuriously
peroxide
persisters
pertaining
pesters
petrographers
phaetons
pharmacopoeial
phenomenas
philodendra
phonematic
phosphide
photocomposer
photogravures
photopia
phragmoplast
phyllotaxy
phytopathogen
pick
pictograms
pietas
pigweed
pills
pinelike
pinniped
pipeage
piroplasma
pitchier
pixinesses
plagiarizers
planetological
plasmasols
platers
playfully
pleb
plethysmographic
plotlessness
plumerias
plutocrats
podesta
poignances
polarises
politic
poloists
polygamies
polyoma
polytonal
pone
popcorn
porcupine
porterage
posology
postdepression
postins
poststimulatory
potentiated
pouch
powerhouses
praiser
preachinesses
prebless
precieuse
precombustion
predestinate
predusks
prefectures
preharvest
preluding
premodifying
preparatory
preprocessors
presbyterially
preservative
pressured
preteens
preunited
preyers
primary
principalship
privatdocent
probing
procreative
profanity
progestogen
projectors
promenaded
pronominal
properly
propositioning
prosecutable
prostatism
protensive
protoporphyrins
proves
prudential
pseudocholinesterase
psyched
psychoneuroses
pterins
puddling
pulers
pulverized
pungency
pupped
purity
purveyed
putrescent
pylons
pyrolytically
qoph
quadrupling
quantification
quartet
queenship
quicken
quindecillions
quirked
quoth
raceways
radiations
radiologist
rafts
raincheck
rambles
ranched
rantingly
rarefies
ratepayer
rattener
ravings
reacclimatize
readjustment
realness
rearing
reassuringly
rebellion
rebury
recce
recharts
reclad
recolonize
reconciliatory
recontour
recreative
recurrently
redears
redeye
redividing
redskin
reedlike
reendowed
reexamine
reffed
reflexion
refoundations
refulgent
regeneracy
regna
regulated
rehoused
reincorporation
reinoculation
reinvestments
rekeyboards
released
relinquish
remained
remembered
remodify
remythologize
renitency
reoccurrences
repairmen
repentances
replenishers
reposefulnesses
reprievals
reprover
requalifies
rerigging
resealing
reservedly
resift
resoak
respaded
resprang
restorals
resummoned
retaliative
reticulated
retorting
retroact
retuse
reveals
reversionary
revivifies
reweaved
rhapsodes
rhizoplanes
rialto
rickettsial
rifenesses
rigorous
ringneck
risen
riveted
robin
rocs
rollover
rookery
roqueting
rotatores
roughhousing
routers
rubberizing
rudders
ruinate
rumps
rushers
ryegrasses
saccharomyces
saddlebow
sage
saints
salinities
saltboxes
salvific
sanction
sandstones
sansculottisms
sapremia
sarments
satinets
sauger
savourer
scabietic
scampering
scarcer
scatteringly
scherzi
schmooze
schrod
sclaffer
scopes
scouting
scratchiness
scrieving
scrubbing
sculptors
scuzzier
seamy
sebasic
sectarian
sedile
seemers
seines
selenates
semiabstraction
semilegendary
semises
seniority
sensors
separatists
sequined
seriating
serrano
seta
sewered
shabbinesses
shairns
shamois
sharklike
sheas
sheikh
sheriff
shillalah
shipping
shlepping
sholom
shorter
shower
shrimper
shuns
sices
sideslipped
sightly
signpost
sillabubs
simious
simultaneousness
sinlessnesses
siskins
sizings
skeptical
skimmers
skittishly
skyrocketing
slanty
sleazebag
slenderizing
slinkiness
sloganeers
slubber
slushier
smashing
smithereens
smudging
snappy
snelling
snivelling
snoutiest
snubber
sober
sociopolitical
softheadednesses
solating
solicitude
solubilize
somital
sonobuoys
soporific
sorrier
soundest
southland
spacesuit
spang
sparteines
spearworts
spectrofluorometer
speedups
spermatophores
spicae
spilings
spinulae
spitball
splenii
spokeswomen
spoors
sporulations
sprightfulnesses
spryness
squadded
squeakiest
squiring
stackers
stainability
stamper
staph
starvation
statuaries
steamily
steered
stenotypies
stereospecificities
stewarding
stifle
stings
stobs
stokesia
stoniness
stormed
straighted
straphanger
streaky
stretchier
stringhalted
strongyloidiases
strychnines
stumbling
stylet
subahs
subcluster
subdivision
subheading
sublevels
submit
subprimate
subserviency
substantives
subtlenesses
subvocalization
sucker
sufficing
suitings
sullen
summerly
sundries
superactivities
supercoils
superfluidity
superintendents
supernutritions
superscription
superstud
supplenesses
supravital
surge
surrogating
suspiciousnesses
swainishnesses
swashbuckling
sweetenings
swine
swivel
sycophancies
symbolical
symptomatology
syncopating
synkarya
syrinxes
tables
tacitnesses
tagger
takeaway
talliers
tamenesses
tanked
tapestrying
taro
tastable
tautological
taxons
tearstained
tectites
tegmenta
telemetries
telfords
templar
tender
tenpounder
tephra
terminal
terriblenesses
testatrixes
tetragonal
thacking
theatergoing
theologic
thermae
thermoremanence
thicks
thiophene
thornier
threadless
throbbers
thuds
thwarters
tickler
tiffins
timber
tinamous
tinstone
tisane
tittivate
toddling
tokers
toman
tongmen
toothiest
topoi
torments
tortuosity
totteringly
touts
toxicities
trackages
tragedians
tramelling
transcend
transform
translative
transpire
transvestites
traveler
treats
trend
triangularly
trichogynes
trienes
trijets
trios
trisemes
trivalves
trollop
trouble
trucklers
trunnel
tsarisms
tubulating
tumefies
tunneling
turflike
turquois
tuttis
twerps
twitches
typewrote
tyrosines
ulcerations
ultrahigh
ultraserious
umiack
unaimed
unassailable
unbecomingness
unbrakes
uncasing
unciform
uncocking
unconsciousness
uncrosses
undenied
undereats
underlying
undersigned
underworld
undrained
unended
unfallen
unforested
ungodlier
unhealthier
uniface
unintended
universalists
unlashing
unloveliest
unmistakable
unofficially
unplowed
unqualified
unreliable
unrobes
unseamed
unshifting
unspecifiable
unsubstantial
unthink
untruthfulness
unweeting
unzoned
upfolded
upmarket
upscaled
upthrusts
urbanistically
urination
ushers
uttermost
vagabonding
valetudinaries
valvules
vanquishing
varies
vasospasms
vectors
velarizes
veneration
ventromedial
verderors
vernacles
vervain
vetiverts
vibrioses
victualed
vignetters
vinculum
violist
virtuously
visitors
vitriolic
vizors
voidance
volumetrically
vorticose
vulcanisms
waddies
waggles
wakefully
waltzed
wapentake
warmongerings
washable
watapes
waterloo
wavelet
weaklier
weatherizations
weekends
weirdos
wendigo
whacky
wheelings
wheys
whippier
whists
whole
wickeder
wifty
willers
winders
wineskin
wintertime
wisewomen
withholds
woefulnesses
wonderfulnesses
woodpecker
wooshes
workpiece
worst
wreakers
writerly
xanthein
xylocarp
yanks
yawningly
yelp
yocking
yourn
zaffir
zebu
zikurat
zlotych
zoomanias
zygospore
